.next/types/validator.ts(170,39): error TS2307: Cannot find module '../../src/app/[locale]/working/[[...status]]/page.js' or its corresponding type declarations.
